// Jest Snapshot v1, https://goo.gl/fbAQLP

exports[`components/App should render correctly 1`] = `
<section
  className="todoapp"
>
  <header
    className="header"
  >
    <h1>
      todos
    </h1>
    <Form
      onSubmit={[Function]}
    />
  </header>
  <section
    className="main"
  >
    <ul
      className="todo-list"
    >
      <Task
        key="1"
        task={
          Object {
            "id": 1,
          }
        }
        toggleTask={[MockFunction]}
      />
      <Task
        key="2"
        task={
          Object {
            "id": 2,
          }
        }
        toggleTask={[MockFunction]}
      />
      <Task
        key="3"
        task={
          Object {
            "id": 3,
          }
        }
        toggleTask={[MockFunction]}
      />
    </ul>
  </section>
  <footer
    className="footer"
  >
    <Connect(Filter) />
  </footer>
</section>
`;
